openjdk version "17.0.13" 2024-10-15
OpenJDK Runtime Environment (build 17.0.13+11-Ubuntu-2ubuntu124.04)
OpenJDK 64-Bit Server VM (build 17.0.13+11-Ubuntu-2ubuntu124.04, mixed mode, sharing)
> Task :application:checkKotlinGradlePluginConfigurationErrors
> Task :domain:checkKotlinGradlePluginConfigurationErrors
> Task :domain:processResources NO-SOURCE
> Task :infrastructure:checkKotlinGradlePluginConfigurationErrors

> Task :domain:compileKotlin
w: file:///home/red1/Projects/blackerp/domain/core/workflow/transition/TransitionValidator.kt:64:8 Parameter 'condition' is never used
w: file:///home/red1/Projects/blackerp/domain/core/workflow/transition/TransitionValidator.kt:65:8 Parameter 'context' is never used

> Task :domain:compileJava NO-SOURCE
> Task :domain:classes UP-TO-DATE
> Task :domain:jar
> Task :application:compileKotlin NO-SOURCE
> Task :infrastructure:compileKotlin

BUILD SUCCESSFUL in 2s
6 actionable tasks: 6 executed
